discovered 176 LAZ tiles
complete 3x3 blocks: 14
  604590  x=604500..609000  y=4590000..4594500
  609590  x=609000..613500  y=4590000..4594500
  604594  x=604500..609000  y=4594500..4599000
  609594  x=609000..613500  y=4594500..4599000
  613594  x=613500..618000  y=4594500..4599000
  618594  x=618000..622500  y=4594500..4599000
  604599  x=604500..609000  y=4599000..4603500
  609599  x=609000..613500  y=4599000..4603500
  613599  x=613500..618000  y=4599000..4603500
  618599  x=618000..622500  y=4599000..4603500
  604603  x=604500..609000  y=4603500..4608000
  609603  x=609000..613500  y=4603500..4608000
  613603  x=613500..618000  y=4603500..4608000
  618603  x=618000..622500  y=4603500..4608000
[604590] skip (outputs exist)
[609590] DEM (4500x4500) from 9 tiles...
[609590] DEM ok in 174.4s
[609590] hillshade ok -> C:\Users\colto\Documents\GitHub\lidar_project\data\derivatives\mosaic_3x3\609590\hillshade_1m.tif
[604594] DEM (4500x4500) from 9 tiles...
[604594] DEM ok in 198.3s
[604594] hillshade ok -> C:\Users\colto\Documents\GitHub\lidar_project\data\derivatives\mosaic_3x3\604594\hillshade_1m.tif
[609594] DEM (4500x4500) from 9 tiles...
[609594] DEM ok in 177.0s
[609594] hillshade ok -> C:\Users\colto\Documents\GitHub\lidar_project\data\derivatives\mosaic_3x3\609594\hillshade_1m.tif
[613594] DEM (4500x4500) from 9 tiles...
[613594] DEM ok in 177.5s
[613594] hillshade ok -> C:\Users\colto\Documents\GitHub\lidar_project\data\derivatives\mosaic_3x3\613594\hillshade_1m.tif
[618594] DEM (4500x4500) from 9 tiles...
[618594] DEM ok in 196.1s
[618594] hillshade ok -> C:\Users\colto\Documents\GitHub\lidar_project\data\derivatives\mosaic_3x3\618594\hillshade_1m.tif
[604599] DEM (4500x4500) from 9 tiles...
[604599] DEM ok in 191.8s
[604599] hillshade ok -> C:\Users\colto\Documents\GitHub\lidar_project\data\derivatives\mosaic_3x3\604599\hillshade_1m.tif
[609599] DEM (4500x4500) from 9 tiles...
[609599] DEM ok in 172.7s
[609599] hillshade ok -> C:\Users\colto\Documents\GitHub\lidar_project\data\derivatives\mosaic_3x3\609599\hillshade_1m.tif
[613599] DEM (4500x4500) from 9 tiles...
[613599] DEM ok in 170.9s
[613599] hillshade ok -> C:\Users\colto\Documents\GitHub\lidar_project\data\derivatives\mosaic_3x3\613599\hillshade_1m.tif
[618599] DEM (4500x4500) from 9 tiles...
[618599] DEM ok in 176.5s
[618599] hillshade ok -> C:\Users\colto\Documents\GitHub\lidar_project\data\derivatives\mosaic_3x3\618599\hillshade_1m.tif
[604603] DEM (4500x4500) from 9 tiles...
[604603] DEM ok in 159.5s
[604603] hillshade ok -> C:\Users\colto\Documents\GitHub\lidar_project\data\derivatives\mosaic_3x3\604603\hillshade_1m.tif
[609603] DEM (4500x4500) from 9 tiles...
[609603] DEM ok in 143.7s
[609603] hillshade ok -> C:\Users\colto\Documents\GitHub\lidar_project\data\derivatives\mosaic_3x3\609603\hillshade_1m.tif
[613603] DEM (4500x4500) from 9 tiles...
[613603] DEM ok in 150.5s
[613603] hillshade ok -> C:\Users\colto\Documents\GitHub\lidar_project\data\derivatives\mosaic_3x3\613603\hillshade_1m.tif
[618603] DEM (4500x4500) from 9 tiles...
[618603] DEM ok in 150.2s
[618603] hillshade ok -> C:\Users\colto\Documents\GitHub\lidar_project\data\derivatives\mosaic_3x3\618603\hillshade_1m.tif

DONE.
