Device: cuda
train pits=74 tiles_per_epoch=148
val   pits=16 tiles_per_epoch=32
Building SMP U-Net (encoder=resnet34, ImageNet weights, in_ch=7, classes=3)
Warning: You are sending unauthenticated requests to the HF Hub. Please set a HF_TOKEN to enable higher rate limits and faster downloads.
C:\Python313\Lib\site-packages\huggingface_hub\file_download.py:129: UserWarning: `huggingface_hub` cache-system uses symlinks by default to efficiently store duplicated files but your machine does not support them in C:\Users\colto\.cache\huggingface\hub\models--smp-hub--resnet34.imagenet. Caching files will still work but in a degraded version that might require more space on your disk. This warning can be disabled by setting the `HF_HUB_DISABLE_SYMLINKS_WARNING` environment variable. For more details, see https://huggingface.co/docs/huggingface_hub/how-to-cache#limitations.
To support symlinks on Windows, you either need to activate Developer Mode or to run Python as an administrator. In order to activate developer mode, see this article: https://docs.microsoft.com/en-us/windows/apps/get-started/enable-your-device-for-development
  warnings.warn(message)
SMP UNet params: 24.45 M
ep   1/40  tr_loss=0.0184 va_loss=2.3458  va_iou bg=0.328 floor=0.000 wall=0.010  miou(pit)=0.005  9.7s
    -> new best miou(pit)=0.005, saved
ep   2/40  tr_loss=0.0041 va_loss=0.1633  va_iou bg=0.889 floor=0.000 wall=0.000  miou(pit)=0.000  6.2s
ep   3/40  tr_loss=0.0027 va_loss=0.0076  va_iou bg=0.941 floor=0.086 wall=0.096  miou(pit)=0.091  6.1s
    -> new best miou(pit)=0.091, saved
ep   4/40  tr_loss=0.0018 va_loss=0.0019  va_iou bg=0.988 floor=0.306 wall=0.355  miou(pit)=0.331  5.9s
    -> new best miou(pit)=0.331, saved
ep   5/40  tr_loss=0.0015 va_loss=0.0016  va_iou bg=0.981 floor=0.382 wall=0.303  miou(pit)=0.342  5.9s
    -> new best miou(pit)=0.342, saved
ep   6/40  tr_loss=0.0013 va_loss=0.0010  va_iou bg=0.994 floor=0.542 wall=0.514  miou(pit)=0.528  5.8s
    -> new best miou(pit)=0.528, saved
ep   7/40  tr_loss=0.0013 va_loss=0.0011  va_iou bg=0.990 floor=0.512 wall=0.411  miou(pit)=0.461  6.0s
ep   8/40  tr_loss=0.0013 va_loss=0.0010  va_iou bg=0.995 floor=0.615 wall=0.581  miou(pit)=0.598  5.9s
    -> new best miou(pit)=0.598, saved
ep   9/40  tr_loss=0.0011 va_loss=0.0013  va_iou bg=0.993 floor=0.522 wall=0.487  miou(pit)=0.504  5.9s
ep  10/40  tr_loss=0.0010 va_loss=0.0015  va_iou bg=0.985 floor=0.393 wall=0.299  miou(pit)=0.346  5.8s
ep  11/40  tr_loss=0.0010 va_loss=0.0008  va_iou bg=0.994 floor=0.584 wall=0.541  miou(pit)=0.562  5.7s
ep  12/40  tr_loss=0.0009 va_loss=0.0011  va_iou bg=0.996 floor=0.614 wall=0.585  miou(pit)=0.600  5.7s
    -> new best miou(pit)=0.600, saved
ep  13/40  tr_loss=0.0009 va_loss=0.0010  va_iou bg=0.995 floor=0.570 wall=0.548  miou(pit)=0.559  5.7s
ep  14/40  tr_loss=0.0008 va_loss=0.0009  va_iou bg=0.995 floor=0.604 wall=0.523  miou(pit)=0.563  5.8s
ep  15/40  tr_loss=0.0007 va_loss=0.0006  va_iou bg=0.995 floor=0.654 wall=0.580  miou(pit)=0.617  5.7s
    -> new best miou(pit)=0.617, saved
ep  16/40  tr_loss=0.0009 va_loss=0.0010  va_iou bg=0.996 floor=0.547 wall=0.613  miou(pit)=0.580  5.8s
ep  17/40  tr_loss=0.0009 va_loss=0.0009  va_iou bg=0.988 floor=0.556 wall=0.395  miou(pit)=0.476  5.9s
ep  18/40  tr_loss=0.0009 va_loss=0.0007  va_iou bg=0.993 floor=0.539 wall=0.488  miou(pit)=0.514  5.9s
ep  19/40  tr_loss=0.0008 va_loss=0.0007  va_iou bg=0.996 floor=0.635 wall=0.589  miou(pit)=0.612  5.9s
ep  20/40  tr_loss=0.0009 va_loss=0.0007  va_iou bg=0.996 floor=0.603 wall=0.588  miou(pit)=0.595  6.0s
ep  21/40  tr_loss=0.0007 va_loss=0.0008  va_iou bg=0.994 floor=0.538 wall=0.522  miou(pit)=0.530  5.8s
ep  22/40  tr_loss=0.0007 va_loss=0.0008  va_iou bg=0.994 floor=0.519 wall=0.496  miou(pit)=0.507  5.8s
ep  23/40  tr_loss=0.0008 va_loss=0.0007  va_iou bg=0.994 floor=0.529 wall=0.445  miou(pit)=0.487  5.8s
ep  24/40  tr_loss=0.0009 va_loss=0.0008  va_iou bg=0.994 floor=0.478 wall=0.475  miou(pit)=0.477  5.8s
ep  25/40  tr_loss=0.0009 va_loss=0.0007  va_iou bg=0.996 floor=0.628 wall=0.588  miou(pit)=0.608  5.9s
ep  26/40  tr_loss=0.0008 va_loss=0.0006  va_iou bg=0.995 floor=0.636 wall=0.563  miou(pit)=0.600  5.9s
ep  27/40  tr_loss=0.0007 va_loss=0.0006  va_iou bg=0.993 floor=0.580 wall=0.484  miou(pit)=0.532  5.8s
ep  28/40  tr_loss=0.0007 va_loss=0.0007  va_iou bg=0.993 floor=0.570 wall=0.528  miou(pit)=0.549  5.8s
ep  29/40  tr_loss=0.0007 va_loss=0.0005  va_iou bg=0.995 floor=0.556 wall=0.538  miou(pit)=0.547  5.9s
ep  30/40  tr_loss=0.0007 va_loss=0.0006  va_iou bg=0.993 floor=0.606 wall=0.510  miou(pit)=0.558  5.9s
ep  31/40  tr_loss=0.0007 va_loss=0.0007  va_iou bg=0.994 floor=0.537 wall=0.474  miou(pit)=0.505  5.7s
ep  32/40  tr_loss=0.0008 va_loss=0.0008  va_iou bg=0.994 floor=0.605 wall=0.549  miou(pit)=0.577  5.7s
ep  33/40  tr_loss=0.0007 va_loss=0.0007  va_iou bg=0.994 floor=0.585 wall=0.543  miou(pit)=0.564  5.8s
ep  34/40  tr_loss=0.0007 va_loss=0.0007  va_iou bg=0.993 floor=0.595 wall=0.514  miou(pit)=0.555  5.8s
ep  35/40  tr_loss=0.0007 va_loss=0.0005  va_iou bg=0.995 floor=0.636 wall=0.541  miou(pit)=0.588  5.7s
ep  36/40  tr_loss=0.0007 va_loss=0.0007  va_iou bg=0.995 floor=0.582 wall=0.525  miou(pit)=0.554  5.8s
ep  37/40  tr_loss=0.0007 va_loss=0.0006  va_iou bg=0.994 floor=0.614 wall=0.552  miou(pit)=0.583  5.8s
ep  38/40  tr_loss=0.0006 va_loss=0.0009  va_iou bg=0.992 floor=0.563 wall=0.494  miou(pit)=0.529  5.8s
ep  39/40  tr_loss=0.0008 va_loss=0.0008  va_iou bg=0.994 floor=0.634 wall=0.551  miou(pit)=0.592  5.7s
ep  40/40  tr_loss=0.0007 va_loss=0.0007  va_iou bg=0.994 floor=0.593 wall=0.506  miou(pit)=0.550  5.8s

Best val miou(pit): 0.617

Loaded best from ep 15 (miou=0.617). Running TTA inference...
Inference grid: 47x47 = 2209 patches (TTA 8x)
  TTA inference done in 187.5s

TEST pixel IoU: bg=0.995  floor=0.440  wall=0.465
Per-pit (20 pits):
  mean local IoU:   0.564
  median local IoU: 0.696
  detected (>=10%): 16/20
  local IoU > 0.3:  16/20
Outputs in C:\Users\colto\Documents\GitHub\lidar_project\data\derivatives\9t\iterations\02_smp_pretrained
