=== 9t held-out test (CORRECTNESS = not drawing fake roads) ===
method                         comp   corr     f1   qual      km  segs  brdg
C:\Users\colto\Documents\GitHub\lidar_project\notebooks\wellsight\build\_road_optimize.py:138: FutureWarning: Parameter `min_size` is deprecated since version 0.26.0 and will be removed in 2.0.0 (or later). To avoid this warning, please use the parameter `max_size` instead. For more details, see the documentation of `remove_small_objects`. Note that the new threshold removes objects smaller than **or equal to** its value, while the previous parameter only removed smaller ones.
  m = remove_small_objects(m, min_size=cfg.get("min_px", 40))
A_conservative_nobridge       0.588  0.760  0.663  0.494   20.71   692     0
C:\Users\colto\Documents\GitHub\lidar_project\notebooks\wellsight\build\_road_optimize.py:138: FutureWarning: Parameter `min_size` is deprecated since version 0.26.0 and will be removed in 2.0.0 (or later). To avoid this warning, please use the parameter `max_size` instead. For more details, see the documentation of `remove_small_objects`. Note that the new threshold removes objects smaller than **or equal to** its value, while the previous parameter only removed smaller ones.
  m = remove_small_objects(m, min_size=cfg.get("min_px", 40))
B_hysteresis_nobridge         0.525  0.706  0.602  0.428   19.84   646     0
C:\Users\colto\Documents\GitHub\lidar_project\notebooks\wellsight\build\_road_optimize.py:138: FutureWarning: Parameter `min_size` is deprecated since version 0.26.0 and will be removed in 2.0.0 (or later). To avoid this warning, please use the parameter `max_size` instead. For more details, see the documentation of `remove_small_objects`. Note that the new threshold removes objects smaller than **or equal to** its value, while the previous parameter only removed smaller ones.
  m = remove_small_objects(m, min_size=cfg.get("min_px", 40))
C_strict_lcp                  0.525  0.706  0.602  0.428   19.84   649     1
C:\Users\colto\Documents\GitHub\lidar_project\notebooks\wellsight\build\_road_optimize.py:138: FutureWarning: Parameter `min_size` is deprecated since version 0.26.0 and will be removed in 2.0.0 (or later). To avoid this warning, please use the parameter `max_size` instead. For more details, see the documentation of `remove_small_objects`. Note that the new threshold removes objects smaller than **or equal to** its value, while the previous parameter only removed smaller ones.
  m = remove_small_objects(m, min_size=cfg.get("min_px", 40))
D_current_sato_otsu_lcp       0.695  0.824  0.754  0.603   22.48  1019    42

=== 613590 (no full GT; visual + km/bridges) ===
C:\Users\colto\Documents\GitHub\lidar_project\notebooks\wellsight\build\_road_optimize.py:138: FutureWarning: Parameter `min_size` is deprecated since version 0.26.0 and will be removed in 2.0.0 (or later). To avoid this warning, please use the parameter `max_size` instead. For more details, see the documentation of `remove_small_objects`. Note that the new threshold removes objects smaller than **or equal to** its value, while the previous parameter only removed smaller ones.
  m = remove_small_objects(m, min_size=cfg.get("min_px", 40))
  A_conservative_nobridge       149.50 km    968 segs     0 bridges
C:\Users\colto\Documents\GitHub\lidar_project\notebooks\wellsight\build\_road_optimize.py:138: FutureWarning: Parameter `min_size` is deprecated since version 0.26.0 and will be removed in 2.0.0 (or later). To avoid this warning, please use the parameter `max_size` instead. For more details, see the documentation of `remove_small_objects`. Note that the new threshold removes objects smaller than **or equal to** its value, while the previous parameter only removed smaller ones.
  m = remove_small_objects(m, min_size=cfg.get("min_px", 40))
  B_hysteresis_nobridge         164.28 km   1143 segs     0 bridges
C:\Users\colto\Documents\GitHub\lidar_project\notebooks\wellsight\build\_road_optimize.py:138: FutureWarning: Parameter `min_size` is deprecated since version 0.26.0 and will be removed in 2.0.0 (or later). To avoid this warning, please use the parameter `max_size` instead. For more details, see the documentation of `remove_small_objects`. Note that the new threshold removes objects smaller than **or equal to** its value, while the previous parameter only removed smaller ones.
  m = remove_small_objects(m, min_size=cfg.get("min_px", 40))
  C_strict_lcp                  164.28 km   1143 segs     3 bridges
C:\Users\colto\Documents\GitHub\lidar_project\notebooks\wellsight\build\_road_optimize.py:138: FutureWarning: Parameter `min_size` is deprecated since version 0.26.0 and will be removed in 2.0.0 (or later). To avoid this warning, please use the parameter `max_size` instead. For more details, see the documentation of `remove_small_objects`. Note that the new threshold removes objects smaller than **or equal to** its value, while the previous parameter only removed smaller ones.
  m = remove_small_objects(m, min_size=cfg.get("min_px", 40))
  D_current_sato_otsu_lcp       179.52 km   1399 segs   136 bridges

wrote C:\Users\colto\Documents\GitHub\lidar_project\data\derivatives\tiles\data_3x3\westernpa_d20\613590\road_methods_compare_613590.png
