
========== permian_01  (4 tiles, EPSG:6343) ==========
  bbox 346500,3330000..349500,3333000
  DEM exists, skipping rebuild -> dem_permian_01_1m.tif
  hillshade ok -> hillshade_permian_01_1m.tif

=== permian_01_1m ===  grid 3000x3000 @ 1.0 m  CRS=EPSG:6343  tiles=4
  output dir: label_grids\permian_01
  [merge_permian_01_1m] rc=0 in 38.5s
  merged: 1.69 GB
  DEM: nan=0.00%  z=609.9..694.5 m
  [dsm_permian_01_1m] rc=0 in 51.0s
  reading LAS for density + intensity...
  wrote hillshade_permian_01_1m + slope_permian_01_1m
  openness ...
  [permian_01] FAILED: C:\Users\colto\Documents\GitHub\lidar_project\label_grids\permian_01\hillshade_permian_01_1m.tif: No such file or directory

========== permian_02  (4 tiles, EPSG:6342) ==========
  bbox 705500,3456000..708500,3459000
  DEM exists, skipping rebuild -> dem_permian_02_1m.tif
  hillshade ok -> hillshade_permian_02_1m.tif

=== permian_02_1m ===  grid 3000x3000 @ 1.0 m  CRS=EPSG:6342  tiles=4
  output dir: label_grids\permian_02
  [merge_permian_02_1m] rc=0 in 26.2s
  merged: 1.14 GB
  DEM: nan=0.00%  z=739.1..748.9 m
  [dsm_permian_02_1m] rc=0 in 40.6s
  reading LAS for density + intensity...
  wrote hillshade_permian_02_1m + slope_permian_02_1m
  openness ...
  [permian_02] FAILED: C:\Users\colto\Documents\GitHub\lidar_project\label_grids\permian_02\hillshade_permian_02_1m.tif: No such file or directory

========== permian_03  (4 tiles, EPSG:6343) ==========
  bbox 234000,3405000..237000,3408000
  DEM exists, skipping rebuild -> dem_permian_03_1m.tif
  hillshade ok -> hillshade_permian_03_1m.tif

=== permian_03_1m ===  grid 3000x3000 @ 1.0 m  CRS=EPSG:6343  tiles=4
  output dir: label_grids\permian_03
  [merge_permian_03_1m] rc=0 in 29.7s
  merged: 1.34 GB
  DEM: nan=0.00%  z=732.9..854.4 m
  [dsm_permian_03_1m] rc=0 in 44.4s
  reading LAS for density + intensity...
  wrote hillshade_permian_03_1m + slope_permian_03_1m
  openness ...
  [permian_03] FAILED: C:\Users\colto\Documents\GitHub\lidar_project\label_grids\permian_03\hillshade_permian_03_1m.tif: No such file or directory

Permian grids in C:\Users\colto\Documents\GitHub\lidar_project\label_grids
