will process 18 block(s):
  westernpa_d20/604590
  westernpa_d20/604594
  westernpa_d20/604599
  westernpa_d20/604603
  westernpa_d20/609590
  westernpa_d20/609594
  westernpa_d20/609599
  westernpa_d20/609603
  westernpa_d20/613594
  westernpa_d20/613599
  westernpa_d20/613603
  westernpa_d20/618594
  westernpa_d20/618599
  westernpa_d20/618603
  northcentral_b19/e1423n2235
  northcentral_b19/e1423n2238
  northcentral_b19/e1426n2236
  northcentral_b19/e1426n2239

========== westernpa_d20/604590 ==========
  bbox: 604500,4590000,609000,4594500  (4500x4500 m)

=== 604590_1m ===  grid 4500x4500 @ 1.0 m  CRS=EPSG:6346  tiles=9
  output dir: data\derivatives\data_3x3\westernpa_d20\604590
  [merge_604590_1m] rc=0 in 78.1s
  merged: 3.73 GB
  DEM: nan=0.00%  z=310.6..483.6 m
  reading LAS for density + intensity...
  wrote hillshade_604590_1m + slope_604590_1m
  openness ...
  wrote tile_overview_604590_1m.png
=== 604590_1m DONE ===

  [westernpa_d20/604590] done in 333.6s
  removed merge intermediate (3.7 GB)

========== westernpa_d20/604594 ==========
  bbox: 604500,4594500,609000,4599000  (4500x4500 m)

=== 604594_1m ===  grid 4500x4500 @ 1.0 m  CRS=EPSG:6346  tiles=9
  output dir: data\derivatives\data_3x3\westernpa_d20\604594
  [merge_604594_1m] rc=0 in 66.9s
  merged: 3.43 GB
  DEM: nan=0.00%  z=333.4..496.1 m
  [dsm_604594_1m] rc=0 in 91.8s
  reading LAS for density + intensity...
  wrote hillshade_604594_1m + slope_604594_1m
  openness ...
  wrote tile_overview_604594_1m.png
=== 604594_1m DONE ===

  [westernpa_d20/604594] done in 428.0s

========== westernpa_d20/604599 ==========
  bbox: 604500,4599000,609000,4603500  (4500x4500 m)

=== 604599_1m ===  grid 4500x4500 @ 1.0 m  CRS=EPSG:6346  tiles=9
  output dir: data\derivatives\data_3x3\westernpa_d20\604599
  [merge_604599_1m] rc=0 in 72.5s
  merged: 3.54 GB
  DEM: nan=0.00%  z=389.2..496.4 m
  reading LAS for density + intensity...
  wrote hillshade_604599_1m + slope_604599_1m
  openness ...
  wrote tile_overview_604599_1m.png
=== 604599_1m DONE ===

  [westernpa_d20/604599] done in 371.3s
  removed merge intermediate (3.5 GB)

========== westernpa_d20/604603 ==========
  bbox: 604500,4603500,609000,4608000  (4500x4500 m)

=== 604603_1m ===  grid 4500x4500 @ 1.0 m  CRS=EPSG:6346  tiles=9
  output dir: data\derivatives\data_3x3\westernpa_d20\604603
  [merge_604603_1m] rc=0 in 72.9s
  merged: 3.29 GB
  DEM: nan=0.00%  z=402.0..500.5 m
  reading LAS for density + intensity...
  wrote hillshade_604603_1m + slope_604603_1m
  openness ...
  wrote tile_overview_604603_1m.png
=== 604603_1m DONE ===

  [westernpa_d20/604603] done in 364.6s
  removed merge intermediate (3.3 GB)

========== westernpa_d20/609590 ==========
  bbox: 609000,4590000,613500,4594500  (4500x4500 m)

=== 609590_1m ===  grid 4500x4500 @ 1.0 m  CRS=EPSG:6346  tiles=9
  output dir: data\derivatives\data_3x3\westernpa_d20\609590
  [merge_609590_1m] rc=0 in 67.8s
  merged: 3.14 GB
  DEM: nan=0.00%  z=304.6..479.5 m
  reading LAS for density + intensity...
  wrote hillshade_609590_1m + slope_609590_1m
  openness ...
  wrote tile_overview_609590_1m.png
=== 609590_1m DONE ===

  [westernpa_d20/609590] done in 351.2s
  removed merge intermediate (3.1 GB)

========== westernpa_d20/609594 ==========
  bbox: 609000,4594500,613500,4599000  (4500x4500 m)

=== 609594_1m ===  grid 4500x4500 @ 1.0 m  CRS=EPSG:6346  tiles=9
  output dir: data\derivatives\data_3x3\westernpa_d20\609594
  [merge_609594_1m] rc=0 in 76.6s
  merged: 3.42 GB
  DEM: nan=0.00%  z=318.2..490.7 m
  reading LAS for density + intensity...
  wrote hillshade_609594_1m + slope_609594_1m
  openness ...
  wrote tile_overview_609594_1m.png
=== 609594_1m DONE ===

  [westernpa_d20/609594] done in 378.2s
  removed merge intermediate (3.4 GB)

========== westernpa_d20/609599 ==========
  bbox: 609000,4599000,613500,4603500  (4500x4500 m)

=== 609599_1m ===  grid 4500x4500 @ 1.0 m  CRS=EPSG:6346  tiles=9
  output dir: data\derivatives\data_3x3\westernpa_d20\609599
  [merge_609599_1m] rc=0 in 72.1s
  merged: 3.38 GB
  DEM: nan=0.00%  z=331.3..499.3 m
  reading LAS for density + intensity...
  wrote hillshade_609599_1m + slope_609599_1m
  openness ...
  wrote tile_overview_609599_1m.png
=== 609599_1m DONE ===

  [westernpa_d20/609599] done in 343.6s
  removed merge intermediate (3.4 GB)

========== westernpa_d20/609603 ==========
  bbox: 609000,4603500,613500,4608000  (4500x4500 m)

=== 609603_1m ===  grid 4500x4500 @ 1.0 m  CRS=EPSG:6346  tiles=9
  output dir: data\derivatives\data_3x3\westernpa_d20\609603
  [merge_609603_1m] rc=0 in 64.4s
  merged: 3.21 GB
  DEM: nan=0.00%  z=342.9..522.7 m
  reading LAS for density + intensity...
  wrote hillshade_609603_1m + slope_609603_1m
  openness ...
  wrote tile_overview_609603_1m.png
=== 609603_1m DONE ===

  [westernpa_d20/609603] done in 339.5s
  removed merge intermediate (3.2 GB)

========== westernpa_d20/613594 ==========
  bbox: 613500,4594500,618000,4599000  (4500x4500 m)

=== 613594_1m ===  grid 4500x4500 @ 1.0 m  CRS=EPSG:6346  tiles=9
  output dir: data\derivatives\data_3x3\westernpa_d20\613594
  [merge_613594_1m] rc=0 in 67.1s
  merged: 3.40 GB
  DEM: nan=0.00%  z=366.4..503.6 m
  reading LAS for density + intensity...
  wrote hillshade_613594_1m + slope_613594_1m
  openness ...
  wrote tile_overview_613594_1m.png
=== 613594_1m DONE ===

  [westernpa_d20/613594] done in 346.0s
  removed merge intermediate (3.4 GB)

========== westernpa_d20/613599 ==========
  bbox: 613500,4599000,618000,4603500  (4500x4500 m)

=== 613599_1m ===  grid 4500x4500 @ 1.0 m  CRS=EPSG:6346  tiles=9
  output dir: data\derivatives\data_3x3\westernpa_d20\613599
  [merge_613599_1m] rc=0 in 67.2s
  merged: 3.33 GB
  DEM: nan=0.00%  z=376.8..516.7 m
  reading LAS for density + intensity...
  wrote hillshade_613599_1m + slope_613599_1m
C:\Users\colto\Documents\GitHub\lidar_project\notebooks\wellsight\build\_build_derivatives.py:268: RuntimeWarning: invalid value encountered in divide
  smooth = np.where(sc > 0, sm / sc, np.nan)
  openness ...
  wrote tile_overview_613599_1m.png
=== 613599_1m DONE ===

  [westernpa_d20/613599] done in 338.2s
  removed merge intermediate (3.3 GB)

========== westernpa_d20/613603 ==========
  bbox: 613500,4603500,618000,4608000  (4500x4500 m)

=== 613603_1m ===  grid 4500x4500 @ 1.0 m  CRS=EPSG:6346  tiles=9
  output dir: data\derivatives\data_3x3\westernpa_d20\613603
  [merge_613603_1m] rc=0 in 66.6s
  merged: 3.31 GB
  DEM: nan=0.00%  z=364.8..516.9 m
  reading LAS for density + intensity...
  wrote hillshade_613603_1m + slope_613603_1m
  openness ...
  wrote tile_overview_613603_1m.png
=== 613603_1m DONE ===

  [westernpa_d20/613603] done in 363.7s
  removed merge intermediate (3.3 GB)

========== westernpa_d20/618594 ==========
  bbox: 618000,4594500,622500,4599000  (4500x4500 m)

=== 618594_1m ===  grid 4500x4500 @ 1.0 m  CRS=EPSG:6346  tiles=9
  output dir: data\derivatives\data_3x3\westernpa_d20\618594
  [merge_618594_1m] rc=0 in 67.5s
  merged: 3.10 GB
  DEM: nan=0.00%  z=375.3..524.2 m
  reading LAS for density + intensity...
  wrote hillshade_618594_1m + slope_618594_1m
  openness ...
  wrote tile_overview_618594_1m.png
=== 618594_1m DONE ===

  [westernpa_d20/618594] done in 351.1s
  removed merge intermediate (3.1 GB)

========== westernpa_d20/618599 ==========
  bbox: 618000,4599000,622500,4603500  (4500x4500 m)

=== 618599_1m ===  grid 4500x4500 @ 1.0 m  CRS=EPSG:6346  tiles=9
  output dir: data\derivatives\data_3x3\westernpa_d20\618599
  [merge_618599_1m] rc=0 in 67.2s
  merged: 3.32 GB
  DEM: nan=0.00%  z=409.7..515.6 m
  reading LAS for density + intensity...
  wrote hillshade_618599_1m + slope_618599_1m
  openness ...
  wrote tile_overview_618599_1m.png
=== 618599_1m DONE ===

  [westernpa_d20/618599] done in 346.7s
  removed merge intermediate (3.3 GB)

========== westernpa_d20/618603 ==========
  bbox: 618000,4603500,622500,4608000  (4500x4500 m)

=== 618603_1m ===  grid 4500x4500 @ 1.0 m  CRS=EPSG:6346  tiles=9
  output dir: data\derivatives\data_3x3\westernpa_d20\618603
  [merge_618603_1m] rc=0 in 67.9s
  merged: 3.29 GB
  DEM: nan=0.00%  z=413.3..525.0 m
  reading LAS for density + intensity...
  wrote hillshade_618603_1m + slope_618603_1m
  openness ...
  wrote tile_overview_618603_1m.png
=== 618603_1m DONE ===

  [westernpa_d20/618603] done in 349.9s
  removed merge intermediate (3.3 GB)

========== northcentral_b19/e1423n2235 ==========
  bbox: 697294,4645706,700748,4649109  (3454x3403 m)

=== e1423n2235_1m ===  grid 3454x3403 @ 1.0 m  CRS=EPSG:6346  tiles=9
  output dir: data\derivatives\data_3x3\northcentral_b19\e1423n2235
  [merge_e1423n2235_1m] rc=0 in 100.7s
  merged: 2.78 GB
  DEM: nan=23.42%  z=439.8..658.2 m
  reading LAS for density + intensity...
  wrote hillshade_e1423n2235_1m + slope_e1423n2235_1m
  openness ...
  wrote tile_overview_e1423n2235_1m.png
=== e1423n2235_1m DONE ===

  [northcentral_b19/e1423n2235] done in 256.6s
  removed merge intermediate (2.8 GB)

========== northcentral_b19/e1423n2238 ==========
  bbox: 697762,4648649,701216,4652053  (3454x3404 m)

=== e1423n2238_1m ===  grid 3454x3404 @ 1.0 m  CRS=EPSG:6346  tiles=9
  output dir: data\derivatives\data_3x3\northcentral_b19\e1423n2238
  [merge_e1423n2238_1m] rc=0 in 122.4s
  merged: 3.38 GB
  DEM: nan=23.44%  z=435.3..687.2 m
  reading LAS for density + intensity...
  wrote hillshade_e1423n2238_1m + slope_e1423n2238_1m
