25 block(s) in westernpa_d20: 604590, 604594, 604599, 604603, 604608, 609590, 609594, 609599, 609603, 609608, 613590, 613594, 613599, 613603, 613608, 618591, 618594, 618599, 618603, 618608, 622591, 622594, 622599, 622603, 622608
road ckpt ep=39  channels=['lrm_25', 'lrm_5', 'slope', 'tpi_05', 'openness_pos', 'openness_neg', 'roughness_5']

=== 604590 ===
  reusing features_604590_1m.tif
Inference grid: 24 x 24 = 576 patches
  inference done in 22.2s
  [604590] road=424243 (2.10%) drainage=252295 (1.25%)  43.7s

=== 604594 ===
  reusing features_604594_1m.tif
Inference grid: 24 x 24 = 576 patches
  inference done in 17.2s
  [604594] road=342293 (1.69%) drainage=293055 (1.45%)  31.7s

=== 604599 ===
  reusing features_604599_1m.tif
Inference grid: 24 x 24 = 576 patches
  inference done in 12.1s
  [604599] road=223448 (1.10%) drainage=269874 (1.33%)  24.8s

=== 604603 ===
  reusing features_604603_1m.tif
Inference grid: 24 x 24 = 576 patches
  inference done in 12.2s
  [604603] road=199455 (0.98%) drainage=274769 (1.36%)  26.0s

=== 604608 ===
  reusing features_604608_1m.tif
Inference grid: 8 x 24 = 192 patches
  inference done in 4.1s
  [604608] road=65516 (0.97%) drainage=104390 (1.55%)  8.4s

=== 609590 ===
  reusing features_609590_1m.tif
Inference grid: 24 x 24 = 576 patches
  [609590] FAILED: Read failed. See previous exception for details.

=== 609594 ===
  reusing features_609594_1m.tif
Inference grid: 24 x 24 = 576 patches
  inference done in 12.5s
  [609594] road=422953 (2.09%) drainage=268015 (1.32%)  27.6s

=== 609599 ===
  reusing features_609599_1m.tif
Inference grid: 24 x 24 = 576 patches
  [609599] FAILED: Unable to allocate 28.0 MiB for an array with shape (16, 7, 256, 256) and data type float32

=== 609603 ===
  reusing features_609603_1m.tif
Inference grid: 24 x 24 = 576 patches
  inference done in 12.1s
  [609603] road=219638 (1.08%) drainage=331532 (1.64%)  26.3s

=== 609608 ===
  reusing features_609608_1m.tif
Inference grid: 8 x 24 = 192 patches
  inference done in 4.4s
  [609608] road=94871 (1.41%) drainage=82866 (1.23%)  9.2s

=== 613590 ===
  reusing features_613590_1m.tif
Inference grid: 24 x 24 = 576 patches
  inference done in 12.8s
  [613590] road=589584 (2.91%) drainage=195497 (0.97%)  27.3s

=== 613594 ===
  reusing features_613594_1m.tif
Inference grid: 24 x 24 = 576 patches
  inference done in 12.8s
  [613594] road=507510 (2.51%) drainage=325635 (1.61%)  27.9s

=== 613599 ===
  reusing features_613599_1m.tif
Inference grid: 24 x 24 = 576 patches
  inference done in 12.9s
  [613599] road=320295 (1.58%) drainage=250855 (1.24%)  27.7s

=== 613603 ===
  reusing features_613603_1m.tif
Inference grid: 24 x 24 = 576 patches
  inference done in 12.9s
  [613603] road=235431 (1.16%) drainage=226705 (1.12%)  27.3s

=== 613608 ===
  reusing features_613608_1m.tif
Inference grid: 8 x 24 = 192 patches
  inference done in 4.3s
  [613608] road=101843 (1.51%) drainage=97831 (1.45%)  9.2s

=== 618591 ===
  reusing features_618591_1m.tif
Inference grid: 16 x 24 = 384 patches
  inference done in 8.5s
  [618591] road=433568 (3.21%) drainage=211847 (1.57%)  18.1s

=== 618594 ===
  reusing features_618594_1m.tif
Inference grid: 24 x 24 = 576 patches
  inference done in 12.9s
  [618594] road=633271 (3.13%) drainage=228205 (1.13%)  26.4s

=== 618599 ===
  reusing features_618599_1m.tif
Inference grid: 24 x 24 = 576 patches
  inference done in 12.7s
  [618599] road=439479 (2.17%) drainage=276191 (1.36%)  26.7s

=== 618603 ===
  reusing features_618603_1m.tif
Inference grid: 24 x 24 = 576 patches
  inference done in 12.7s
  [618603] road=249093 (1.23%) drainage=223505 (1.10%)  26.4s

=== 618608 ===
  reusing features_618608_1m.tif
Inference grid: 8 x 24 = 192 patches
  inference done in 4.2s
  [618608] road=71738 (1.06%) drainage=117374 (1.74%)  9.1s

=== 622591 ===
  reusing features_622591_1m.tif
Inference grid: 16 x 16 = 256 patches
  inference done in 5.6s
  [622591] road=184057 (2.05%) drainage=101108 (1.12%)  12.2s

=== 622594 ===
  reusing features_622594_1m.tif
Inference grid: 24 x 16 = 384 patches
  inference done in 8.4s
  [622594] road=398982 (2.96%) drainage=224599 (1.66%)  17.4s

=== 622599 ===
  reusing features_622599_1m.tif
Inference grid: 24 x 16 = 384 patches
  inference done in 8.3s
  [622599] road=389853 (2.89%) drainage=150750 (1.12%)  18.0s

=== 622603 ===
  reusing features_622603_1m.tif
Inference grid: 24 x 16 = 384 patches
  inference done in 8.6s
  [622603] road=226619 (1.68%) drainage=227240 (1.68%)  18.2s

=== 622608 ===
  reusing features_622608_1m.tif
Inference grid: 8 x 16 = 128 patches
  inference done in 2.8s
  [622608] road=53658 (1.19%) drainage=39280 (0.87%)  6.2s

DONE 23/25 in 8.5 min
   618591  road=3.21%  (433568 px)
   618594  road=3.13%  (633271 px)
   622594  road=2.96%  (398982 px)
   613590  road=2.91%  (589584 px)
   622599  road=2.89%  (389853 px)
   613594  road=2.51%  (507510 px)
   618599  road=2.17%  (439479 px)
   604590  road=2.10%  (424243 px)
   609594  road=2.09%  (422953 px)
   622591  road=2.05%  (184057 px)
   604594  road=1.69%  (342293 px)
   622603  road=1.68%  (226619 px)
   613599  road=1.58%  (320295 px)
   613608  road=1.51%  (101843 px)
   609608  road=1.41%  (94871 px)
   618603  road=1.23%  (249093 px)
   622608  road=1.19%  (53658 px)
   613603  road=1.16%  (235431 px)
   604599  road=1.10%  (223448 px)
   609603  road=1.08%  (219638 px)
   618608  road=1.06%  (71738 px)
   604603  road=0.98%  (199455 px)
   604608  road=0.97%  (65516 px)
