dropping nisar_gslc_hh_hv_complex_20260722_t026D_9t_5m.tif: valid fraction below 0.5
season           leafoff_fall  leafon  winter
track direction                              
26    D                     1       5       2
90    A                     1       8       1
162   A                     3       7       3
track 26: rho0 0.049, best 0.068 at (+10,-10) -> as delivered
track 90: rho0 0.016, best 0.047 at (-15,-5) -> as delivered
track 162: rho0 0.021, best 0.063 at (-10,-5) -> as delivered
    track                    metric  open_median_db  closed_median_db  auc_closed_gt_open
0      26           hh_leafoff_fall          -9.230            -8.570               0.538
1      26                 hh_winter          -7.231            -6.707               0.540
2      26                 hh_leafon          -5.262            -4.959               0.537
3      26  hh_change_leafon_vs_fall           3.972             3.675               0.484
4      26           hv_leafoff_fall         -15.145           -14.480               0.539
5      26                 hv_winter         -13.594           -12.843               0.558
6      26                 hv_leafon         -10.748           -10.411               0.542
7      26  hv_change_leafon_vs_fall           4.531             4.109               0.480
8      90           hh_leafoff_fall          -6.905            -6.896               0.499
9      90                 hh_winter          -7.128            -7.157               0.496
10     90                 hh_leafon          -4.867            -5.060               0.495
11     90  hh_change_leafon_vs_fall           1.965             1.974               0.500
12     90           hv_leafoff_fall         -13.669           -13.270               0.519
13     90                 hv_winter         -15.709           -15.203               0.531
14     90                 hv_leafon         -10.398           -10.421               0.515
15     90  hv_change_leafon_vs_fall           2.959             2.951               0.500
16    162           hh_leafoff_fall          -7.476            -7.329               0.518
17    162                 hh_winter          -8.187            -7.999               0.520
18    162                 hh_leafon          -6.162            -6.137               0.515
19    162  hh_change_leafon_vs_fall           1.177             1.280               0.507
20    162           hv_leafoff_fall         -13.107           -12.984               0.513
21    162                 hv_winter         -14.673           -14.466               0.521
22    162                 hv_leafon         -10.973           -10.959               0.517
23    162  hv_change_leafon_vs_fall           1.783             1.994               0.516
tile median leaf-on minus leaf-off (dB): {(26, 'hh'): 3.7762598991394043, (26, 'hv'): 4.172348976135254, (90, 'hh'): 1.9068646430969238, (90, 'hv'): 2.9402570724487305, (162, 'hh'): 1.2440595626831055, (162, 'hv'): 1.9277667999267578}
pad: 647 features with rings and decoys
pit: 506 features with rings and decoys
   features                    metric    n  median_feature_minus_ring_db  median_decoy_minus_ring_db  median_excess_db  excess_ci_lo  excess_ci_hi  auc_feature_gt_decoy  wilcoxon_p_excess
0       pad           hh_leafoff_fall  647                        -0.266                      -0.139            -0.134        -0.183        -0.072                 0.449              0.000
1       pad                 hh_winter  647                        -0.450                      -0.153            -0.279        -0.334        -0.210                 0.392              0.000
2       pad                 hh_leafon  647                        -0.321                      -0.096            -0.229        -0.291        -0.176                 0.382              0.000
3       pad  hh_change_leafon_vs_fall  647                        -0.062                       0.045            -0.098        -0.154        -0.041                 0.444              0.000
4       pad           hv_leafoff_fall  647                        -0.188                      -0.113            -0.065        -0.124        -0.005                 0.465              0.003
5       pad                 hv_winter  647                        -0.218                      -0.130            -0.106        -0.160        -0.045                 0.449              0.000
6       pad                 hv_leafon  647                        -0.250                      -0.046            -0.203        -0.254        -0.161                 0.382              0.000
7       pad  hv_change_leafon_vs_fall  647                        -0.105                       0.062            -0.160        -0.217        -0.093                 0.424              0.000
8       pit           hh_leafoff_fall  506                        -0.223                      -0.384             0.183         0.069         0.349                 0.553              0.001
9       pit                 hh_winter  506                        -0.226                      -0.315             0.176        -0.010         0.375                 0.533              0.053
10      pit                 hh_leafon  506                        -0.198                      -0.177            -0.023        -0.117         0.088                 0.507              0.682
11      pit  hh_change_leafon_vs_fall  506                         0.088                       0.194            -0.172        -0.319         0.039                 0.462              0.029
12      pit           hv_leafoff_fall  506                        -0.288                      -0.363             0.086        -0.051         0.232                 0.525              0.133
13      pit                 hv_winter  506                        -0.274                      -0.318             0.055        -0.043         0.187                 0.519              0.238
14      pit                 hv_leafon  506                        -0.181                      -0.136            -0.065        -0.196         0.018                 0.476              0.060
15      pit  hv_change_leafon_vs_fall  506                        -0.035                       0.196            -0.146        -0.236         0.026                 0.456              0.005
wrote 24 rasters to C:\Users\colto\Documents\GitHub\lidar_project\data\9t\derived\nisar_gslc_5m
wrote C:\Users\colto\Documents\GitHub\lidar_project\data\9t\results\nisar\figures\nisar_gslc_stack_pad_pit_vs_decoy_leafon_leafoff_seasonal_change_9t_5m.png
