partition: 25 blocks (14 full, 11 partial)
   604590  9t  x=604500..609000 y=4590000..4594500  full     [built]
   609590  9t  x=609000..613500 y=4590000..4594500  full     [built]
   613590  8t  x=613500..618000 y=4590000..4594500  partial  [NEW]
   618591  6t  x=618000..622500 y=4591500..4594500  partial  [NEW]
   622591  4t  x=622500..625500 y=4591500..4594500  partial  [NEW]
   604594  9t  x=604500..609000 y=4594500..4599000  full     [built]
   609594  9t  x=609000..613500 y=4594500..4599000  full     [built]
   613594  9t  x=613500..618000 y=4594500..4599000  full     [built]
   618594  9t  x=618000..622500 y=4594500..4599000  full     [built]
   622594  6t  x=622500..625500 y=4594500..4599000  partial  [NEW]
   604599  9t  x=604500..609000 y=4599000..4603500  full     [built]
   609599  9t  x=609000..613500 y=4599000..4603500  full     [built]
   613599  9t  x=613500..618000 y=4599000..4603500  full     [built]
   618599  9t  x=618000..622500 y=4599000..4603500  full     [built]
   622599  6t  x=622500..625500 y=4599000..4603500  partial  [NEW]
   604603  9t  x=604500..609000 y=4603500..4608000  full     [built]
   609603  9t  x=609000..613500 y=4603500..4608000  full     [built]
   613603  9t  x=613500..618000 y=4603500..4608000  full     [built]
   618603  9t  x=618000..622500 y=4603500..4608000  full     [built]
   622603  6t  x=622500..625500 y=4603500..4608000  partial  [NEW]
   604608  3t  x=604500..609000 y=4608000..4609500  partial  [NEW]
   609608  3t  x=609000..613500 y=4608000..4609500  partial  [NEW]
   613608  3t  x=613500..618000 y=4608000..4609500  partial  [NEW]
   618608  3t  x=618000..622500 y=4608000..4609500  partial  [NEW]
   622608  2t  x=622500..625500 y=4608000..4609500  partial  [NEW]

will build 11 block(s): 613590, 618591, 622591, 622594, 622599, 622603, 604608, 609608, 613608, 618608, 622608

========== westernpa_d20/613590 (8 tiles) ==========
  bbox: 613500,4590000,618000,4594500  (4500x4500 m)

=== 613590_1m ===  grid 4500x4500 @ 1.0 m  CRS=EPSG:6346  tiles=8
  output dir: data\derivatives\data_3x3\westernpa_d20\613590
  [merge_613590_1m] rc=0 in 54.5s
  merged: 3.00 GB
  [dem_613590_1m] rc=0 in 119.5s
  DEM: nan=5.56%  z=305.6..486.0 m
  [dsm_613590_1m] rc=0 in 82.3s
  reading LAS for density + intensity...
C:\Users\colto\Documents\GitHub\lidar_project\notebooks\wellsight\build\_build_derivatives.py:268: RuntimeWarning: invalid value encountered in divide
  smooth = np.where(sc > 0, sm / sc, np.nan)
  wrote hillshade_613590_1m + slope_613590_1m
  openness ...
  wrote tile_overview_613590_1m.png
=== 613590_1m DONE ===

  [613590] done in 500.8s
  removed merge intermediate (3.0 GB)

========== westernpa_d20/618591 (6 tiles) ==========
  bbox: 618000,4591500,622500,4594500  (4500x3000 m)

=== 618591_1m ===  grid 4500x3000 @ 1.0 m  CRS=EPSG:6346  tiles=6
  output dir: data\derivatives\data_3x3\westernpa_d20\618591
  [merge_618591_1m] rc=0 in 40.2s
  merged: 2.04 GB
  [dem_618591_1m] rc=0 in 90.8s
  DEM: nan=0.00%  z=311.8..503.3 m
  [dsm_618591_1m] rc=0 in 54.9s
  reading LAS for density + intensity...
  wrote hillshade_618591_1m + slope_618591_1m
  openness ...
  wrote tile_overview_618591_1m.png
=== 618591_1m DONE ===

  [618591] done in 372.9s
  removed merge intermediate (2.0 GB)

========== westernpa_d20/622591 (4 tiles) ==========
  bbox: 622500,4591500,625500,4594500  (3000x3000 m)

=== 622591_1m ===  grid 3000x3000 @ 1.0 m  CRS=EPSG:6346  tiles=4
  output dir: data\derivatives\data_3x3\westernpa_d20\622591
  [merge_622591_1m] rc=0 in 28.8s
  merged: 1.32 GB
  [dem_622591_1m] rc=0 in 60.2s
  DEM: nan=0.00%  z=313.7..498.0 m
  [dsm_622591_1m] rc=0 in 41.8s
  reading LAS for density + intensity...
  wrote hillshade_622591_1m + slope_622591_1m
  openness ...
  wrote tile_overview_622591_1m.png
=== 622591_1m DONE ===

  [622591] done in 252.1s
  removed merge intermediate (1.3 GB)

========== westernpa_d20/622594 (6 tiles) ==========
  bbox: 622500,4594500,625500,4599000  (3000x4500 m)

=== 622594_1m ===  grid 3000x4500 @ 1.0 m  CRS=EPSG:6346  tiles=6
  output dir: data\derivatives\data_3x3\westernpa_d20\622594
  [merge_622594_1m] rc=0 in 43.0s
  merged: 2.13 GB
  [dem_622594_1m] rc=0 in 90.7s
  DEM: nan=0.00%  z=363.3..510.6 m
  [dsm_622594_1m] rc=0 in 57.5s
  reading LAS for density + intensity...
  wrote hillshade_622594_1m + slope_622594_1m
  openness ...
  wrote tile_overview_622594_1m.png
=== 622594_1m DONE ===

  [622594] done in 361.3s
  removed merge intermediate (2.1 GB)

========== westernpa_d20/622599 (6 tiles) ==========
  bbox: 622500,4599000,625500,4603500  (3000x4500 m)

=== 622599_1m ===  grid 3000x4500 @ 1.0 m  CRS=EPSG:6346  tiles=6
  output dir: data\derivatives\data_3x3\westernpa_d20\622599
  [merge_622599_1m] rc=0 in 40.3s
  merged: 2.11 GB
  [dem_622599_1m] rc=0 in 86.6s
  DEM: nan=0.00%  z=434.2..533.0 m
  [dsm_622599_1m] rc=0 in 57.6s
  reading LAS for density + intensity...
  wrote hillshade_622599_1m + slope_622599_1m
  openness ...
  wrote tile_overview_622599_1m.png
=== 622599_1m DONE ===

  [622599] done in 359.6s
  removed merge intermediate (2.1 GB)

========== westernpa_d20/622603 (6 tiles) ==========
  bbox: 622500,4603500,625500,4608000  (3000x4500 m)

=== 622603_1m ===  grid 3000x4500 @ 1.0 m  CRS=EPSG:6346  tiles=6
  output dir: data\derivatives\data_3x3\westernpa_d20\622603
  [merge_622603_1m] rc=0 in 44.0s
  merged: 2.29 GB
  [dem_622603_1m] rc=0 in 88.4s
  DEM: nan=0.00%  z=434.6..525.4 m
  [dsm_622603_1m] rc=0 in 58.9s
  reading LAS for density + intensity...
  wrote hillshade_622603_1m + slope_622603_1m
  openness ...
  wrote tile_overview_622603_1m.png
=== 622603_1m DONE ===

  [622603] done in 359.4s
  removed merge intermediate (2.3 GB)

========== westernpa_d20/604608 (3 tiles) ==========
  bbox: 604500,4608000,609000,4609500  (4500x1500 m)

=== 604608_1m ===  grid 4500x1500 @ 1.0 m  CRS=EPSG:6346  tiles=3
  output dir: data\derivatives\data_3x3\westernpa_d20\604608
  [merge_604608_1m] rc=0 in 17.4s
  merged: 1.02 GB
  [dem_604608_1m] rc=0 in 37.1s
  DEM: nan=0.00%  z=363.8..494.7 m
  [dsm_604608_1m] rc=0 in 23.1s
  reading LAS for density + intensity...
  wrote hillshade_604608_1m + slope_604608_1m
  openness ...
  wrote tile_overview_604608_1m.png
=== 604608_1m DONE ===

  [604608] done in 151.8s
  removed merge intermediate (1.0 GB)

========== westernpa_d20/609608 (3 tiles) ==========
  bbox: 609000,4608000,613500,4609500  (4500x1500 m)

=== 609608_1m ===  grid 4500x1500 @ 1.0 m  CRS=EPSG:6346  tiles=3
  output dir: data\derivatives\data_3x3\westernpa_d20\609608
  [merge_609608_1m] rc=0 in 16.9s
  merged: 0.99 GB
  [dem_609608_1m] rc=0 in 28.4s
  DEM: nan=0.00%  z=353.0..474.5 m
  [dsm_609608_1m] rc=0 in 21.6s
  reading LAS for density + intensity...
  wrote hillshade_609608_1m + slope_609608_1m
  openness ...
  wrote tile_overview_609608_1m.png
=== 609608_1m DONE ===

  [609608] done in 138.4s
  removed merge intermediate (1.0 GB)

========== westernpa_d20/613608 (3 tiles) ==========
  bbox: 613500,4608000,618000,4609500  (4500x1500 m)

=== 613608_1m ===  grid 4500x1500 @ 1.0 m  CRS=EPSG:6346  tiles=3
  output dir: data\derivatives\data_3x3\westernpa_d20\613608
  [merge_613608_1m] rc=0 in 20.0s
  merged: 1.14 GB
  [dem_613608_1m] rc=0 in 30.5s
  DEM: nan=0.00%  z=356.8..499.2 m
  [dsm_613608_1m] rc=0 in 23.1s
  reading LAS for density + intensity...
  wrote hillshade_613608_1m + slope_613608_1m
  openness ...
  wrote tile_overview_613608_1m.png
=== 613608_1m DONE ===

  [613608] done in 145.9s
  removed merge intermediate (1.1 GB)

========== westernpa_d20/618608 (3 tiles) ==========
  bbox: 618000,4608000,622500,4609500  (4500x1500 m)

=== 618608_1m ===  grid 4500x1500 @ 1.0 m  CRS=EPSG:6346  tiles=3
  output dir: data\derivatives\data_3x3\westernpa_d20\618608
  [merge_618608_1m] rc=0 in 21.2s
  merged: 1.23 GB
  [dem_618608_1m] rc=0 in 30.0s
  DEM: nan=0.00%  z=374.3..506.8 m
  [dsm_618608_1m] rc=0 in 23.6s
  reading LAS for density + intensity...
  wrote hillshade_618608_1m + slope_618608_1m
  openness ...
  wrote tile_overview_618608_1m.png
=== 618608_1m DONE ===

  [618608] done in 147.0s
  removed merge intermediate (1.2 GB)

========== westernpa_d20/622608 (2 tiles) ==========
  bbox: 622500,4608000,625500,4609500  (3000x1500 m)

=== 622608_1m ===  grid 3000x1500 @ 1.0 m  CRS=EPSG:6346  tiles=2
  output dir: data\derivatives\data_3x3\westernpa_d20\622608
  [merge_622608_1m] rc=0 in 12.3s
  merged: 0.73 GB
  [dem_622608_1m] rc=0 in 19.0s
  DEM: nan=0.00%  z=452.9..522.3 m
  [dsm_622608_1m] rc=0 in 15.0s
  reading LAS for density + intensity...
  wrote hillshade_622608_1m + slope_622608_1m
  openness ...
  wrote tile_overview_622608_1m.png
=== 622608_1m DONE ===

  [622608] done in 95.4s
  removed merge intermediate (0.7 GB)

ALL DONE in 48.1 min
