
== permian_01 (30.0946,-100.5863) ==
  project: USGS Lidar Point Cloud TX_Lower_CO_San_Bernard_2017_D18 14RLU465300
  zone 14  tiles: ['14RLU465300', '14RLU465315', '14RLU480300', '14RLU480315']
    ok 14RLU465300.laz (135 MB)
    ok 14RLU465315.laz (164 MB)
    ok 14RLU480300.laz (134 MB)
    ok 14RLU480315.laz (163 MB)

== permian_02 (31.2334,-102.8319) ==
  project: USGS Lidar Point Cloud TX_WestTexas_2018_D19 13RGQ055560
  zone 13  tiles: ['13RGQ055560', '13RGQ055575', '13RGQ070560', '13RGQ070575']
    ok 13RGQ055560.laz (101 MB)
    ok 13RGQ055575.laz (100 MB)
    ok 13RGQ070560.laz (90 MB)
    ok 13RGQ070575.laz (89 MB)

== permian_03 (30.7515,-101.7776) ==
  project: USGS Lidar Point Cloud TX_WestTexas_2018_D19 14RKV340050
  zone 14  tiles: ['14RKV340050', '14RKV340065', '14RKV355050', '14RKV355065']
    ok 14RKV340050.laz (129 MB)
    ok 14RKV340065.laz (119 MB)
    ok 14RKV355050.laz (118 MB)
    ok 14RKV355065.laz (124 MB)

== permian_04 (32.3297,-101.1496) ==
  project: USGS Lidar Point Cloud TX West Central B7 2018 14SKA970790
  zone 14  tiles: ['14SKA970790', '14SKA970805', '14SKA985790', '14SKA985805']
    ok 14SKA970790.laz (56 MB)
    ok 14SKA970805.laz (55 MB)
    ok 14SKA985790.laz (115 MB)
    ok 14SKA985805.laz (119 MB)

manifest -> C:\Users\colto\Documents\GitHub\lidar_project\data\source_laz\permian\permian_grids_manifest.json
